6_2	n_t:0_50	n_t:0_36	n_t:0_55	n_t:0_39	n_t:0_37	n_t:0_35
7_2	n_t:0_50	n_t:0_36	n_t:0_55	n_t:0_39	n_t:0_37	n_t:0_35
8_2	n_t:0_50	n_t:0_36	n_t:0_55	n_t:0_39	n_t:0_37	n_t:0_35
9_2	n_t:0_50	n_t:0_36	n_t:0_55	n_t:0_39	n_t:0_37	n_t:0_35
10_3	n_t:0_48	n_t:0_49	n_t:0_46	n_t:0_47	n_t:0_51
10_2	n_t:0_50	n_t:0_36	n_t:0_55	n_t:0_39	n_t:0_37	n_t:0_35
10_8	n_t:0_67	n_t:0_68	n_t:0_74	n_t:0_72	n_t:0_71
11_3	n_t:0_48	n_t:0_49	n_t:0_46	n_t:0_47	n_t:0_51
11_1	n_t:0_8	n_t:0_3	n_t:0_2	n_t:0_1	n_t:0_5
11_2	n_t:0_50	n_t:0_36	n_t:0_55	n_t:0_39	n_t:0_42	n_t:0_37	n_t:0_35
11_8	n_t:0_67	n_t:0_68	n_t:0_74	n_t:0_72	n_t:0_71
11_5	n_t:0_79	n_t:0_81	n_t:0_83	n_t:0_78	n_t:0_80
12_3	n_t:0_48	n_t:0_49	n_t:0_46	n_t:0_47	n_t:0_51
12_1	n_t:0_8	n_t:0_3	n_t:0_2	n_t:0_1	n_t:0_5
12_2	n_t:0_50	n_t:0_36	n_t:0_55	n_t:0_39	n_t:0_42	n_t:0_37	n_t:0_35
12_8	n_t:0_67	n_t:0_68	n_t:0_74	n_t:0_72	n_t:0_71
12_5	n_t:0_79	n_t:0_81	n_t:0_83	n_t:0_78	n_t:0_80
13_3	n_t:0_48	n_t:0_49	n_t:0_52	n_t:0_46	n_t:0_47	n_t:0_51
13_1	n_t:0_8	n_t:0_3	n_t:0_2	n_t:0_1	n_t:0_5
13_2	n_t:0_50	n_t:0_36	n_t:0_55	n_t:0_39	n_t:0_42	n_t:0_37	n_t:0_35
13_8	n_t:0_67	n_t:0_68	n_t:0_66	n_t:0_74	n_t:0_72	n_t:0_71
13_5	n_t:0_79	n_t:0_81	n_t:0_83	n_t:0_78	n_t:0_80
14_3	n_t:0_48	n_t:0_49	n_t:0_52	n_t:0_46	n_t:0_47	n_t:0_51
14_1	n_t:0_8	n_t:0_3	n_t:0_2	n_t:0_1	n_t:0_5
14_2	n_t:0_50	n_t:0_36	n_t:0_55	n_t:0_39	n_t:0_42	n_t:0_37	n_t:0_35
14_8	n_t:0_67	n_t:0_68	n_t:0_66	n_t:0_74	n_t:0_72	n_t:0_71
14_5	n_t:0_79	n_t:0_81	n_t:0_83	n_t:0_78	n_t:0_80
15_3	n_t:0_53	n_t:0_48	n_t:0_49	n_t:0_52	n_t:0_46	n_t:0_47	n_t:0_51
15_1	n_t:0_8	n_t:0_3	n_t:0_2	n_t:0_1	n_t:0_5
15_2	n_t:0_50	n_t:0_36	n_t:0_55	n_t:0_39	n_t:0_42	n_t:0_37	n_t:0_35
15_8	n_t:0_67	n_t:0_68	n_t:0_66	n_t:0_74	n_t:0_72	n_t:0_71
15_5	n_t:0_79	n_t:0_81	n_t:0_83	n_t:0_78	n_t:0_80
16_3	n_t:0_53	n_t:0_48	n_t:0_49	n_t:0_52	n_t:0_46	n_t:0_47	n_t:0_50	n_t:0_51
16_1	n_t:0_8	n_t:0_3	n_t:0_2	n_t:0_1	n_t:0_5
16_2	n_t:0_50	n_t:0_36	n_t:0_55	n_t:0_39	n_t:0_42	n_t:0_37	n_t:0_35
16_8	n_t:0_67	n_t:0_68	n_t:0_66	n_t:0_69	n_t:0_74	n_t:0_72	n_t:0_71
16_5	n_t:0_79	n_t:0_81	n_t:0_83	n_t:0_78	n_t:0_80
17_3	n_t:0_53	n_t:0_48	n_t:0_49	n_t:0_52	n_t:0_46	n_t:0_47	n_t:0_50	n_t:0_51
17_1	n_t:0_8	n_t:0_3	n_t:0_2	n_t:0_1
17_2	n_t:0_50	n_t:0_36	n_t:0_55	n_t:0_39	n_t:0_42	n_t:0_37	n_t:0_35
17_8	n_t:0_67	n_t:0_68	n_t:0_66	n_t:0_69	n_t:0_74	n_t:0_72	n_t:0_71
17_5	n_t:0_79	n_t:0_81	n_t:0_83	n_t:0_78	n_t:0_80
18_3	n_t:0_53	n_t:0_48	n_t:0_49	n_t:0_52	n_t:0_46	n_t:0_47	n_t:0_50	n_t:0_51
18_1	n_t:0_8	n_t:0_3	n_t:0_2	n_t:0_1	n_t:0_11
18_2	n_t:0_50	n_t:0_36	n_t:0_55	n_t:0_39	n_t:0_42	n_t:0_37	n_t:0_35
18_8	n_t:0_67	n_t:0_68	n_t:0_66	n_t:0_69	n_t:0_74	n_t:0_72	n_t:0_71
18_5	n_t:0_79	n_t:0_81	n_t:0_83	n_t:0_78	n_t:0_80
19_3	n_t:0_53	n_t:0_48	n_t:0_49	n_t:0_52	n_t:0_46	n_t:0_47	n_t:0_50	n_t:0_51
19_1	n_t:0_8	n_t:0_3	n_t:0_2	n_t:0_1	n_t:0_11
19_2	n_t:0_50	n_t:0_36	n_t:0_55	n_t:0_39	n_t:0_42	n_t:0_37	n_t:0_35
19_8	n_t:0_67	n_t:0_68	n_t:0_66	n_t:0_69	n_t:0_74	n_t:0_72	n_t:0_71
19_5	n_t:0_79	n_t:0_83	n_t:0_78	n_t:0_80
20_3	n_t:0_53	n_t:0_48	n_t:0_49	n_t:0_52	n_t:0_46	n_t:0_47	n_t:0_50	n_t:0_51
20_1	n_t:0_8	n_t:0_3	n_t:0_2	n_t:0_1	n_t:0_11
20_2	n_t:0_50	n_t:0_36	n_t:0_55	n_t:0_39	n_t:0_42	n_t:0_37	n_t:0_35
20_8	n_t:0_67	n_t:0_68	n_t:0_66	n_t:0_70	n_t:0_69	n_t:0_74	n_t:0_73	n_t:0_72	n_t:0_71
20_5	n_t:0_79	n_t:0_83	n_t:0_78	n_t:0_80
21_3	n_t:0_53	n_t:0_48	n_t:0_49	n_t:0_52	n_t:0_46	n_t:0_47	n_t:0_51
21_1	n_t:0_8	n_t:0_3	n_t:0_2	n_t:0_1	n_t:0_11
21_2	n_t:0_50	n_t:0_36	n_t:0_55	n_t:0_39	n_t:0_42	n_t:0_37	n_t:0_35
21_8	n_t:0_67	n_t:0_68	n_t:0_66	n_t:0_70	n_t:0_69	n_t:0_74	n_t:0_73	n_t:0_72	n_t:0_71
21_5	n_t:0_79	n_t:0_83	n_t:0_78	n_t:0_80
22_3	n_t:0_53	n_t:0_48	n_t:0_49	n_t:0_52	n_t:0_46	n_t:0_47	n_t:0_51
22_1	n_t:0_8	n_t:0_3	n_t:0_2	n_t:0_1	n_t:0_11
22_2	n_t:0_50	n_t:0_36	n_t:0_55	n_t:0_39	n_t:0_42	n_t:0_37	n_t:0_35
22_8	n_t:0_67	n_t:0_68	n_t:0_66	n_t:0_70	n_t:0_69	n_t:0_74	n_t:0_73	n_t:0_72	n_t:0_71
22_5	n_t:0_79	n_t:0_83	n_t:0_78	n_t:0_80
23_3	n_t:0_53	n_t:0_48	n_t:0_49	n_t:0_52	n_t:0_46	n_t:0_47	n_t:0_51
23_1	n_t:0_8	n_t:0_3	n_t:0_2	n_t:0_1	n_t:0_11
23_2	n_t:0_50	n_t:0_36	n_t:0_55	n_t:0_39	n_t:0_42	n_t:0_37	n_t:0_35
23_8	n_t:0_67	n_t:0_68	n_t:0_66	n_t:0_70	n_t:0_69	n_t:0_74	n_t:0_73	n_t:0_72	n_t:0_71
23_5	n_t:0_79	n_t:0_83	n_t:0_78	n_t:0_80
24_3	n_t:0_53	n_t:0_48	n_t:0_49	n_t:0_52	n_t:0_46	n_t:0_47	n_t:0_51
24_1	n_t:0_8	n_t:0_3	n_t:0_2	n_t:0_1	n_t:0_11
24_2	n_t:0_50	n_t:0_36	n_t:0_55	n_t:0_39	n_t:0_42	n_t:0_37	n_t:0_35
24_8	n_t:0_67	n_t:0_68	n_t:0_66	n_t:0_70	n_t:0_69	n_t:0_74	n_t:0_73	n_t:0_72	n_t:0_71
24_5	n_t:0_79	n_t:0_83	n_t:0_78	n_t:0_80
25_3	n_t:0_53	n_t:0_48	n_t:0_49	n_t:0_52	n_t:0_46	n_t:0_47	n_t:0_51
25_1	n_t:0_8	n_t:0_3	n_t:0_2	n_t:0_1	n_t:0_11
25_2	n_t:0_50	n_t:0_36	n_t:0_55	n_t:0_39	n_t:0_42	n_t:0_37	n_t:0_35
25_8	n_t:0_67	n_t:0_68	n_t:0_66	n_t:0_70	n_t:0_69	n_t:0_74	n_t:0_73	n_t:0_72	n_t:0_71
25_5	n_t:0_79	n_t:0_83	n_t:0_78	n_t:0_80
26_3	n_t:0_53	n_t:0_48	n_t:0_49	n_t:0_52	n_t:0_46	n_t:0_47	n_t:0_51
26_1	n_t:0_8	n_t:0_3	n_t:0_2	n_t:0_1	n_t:0_11
26_2	n_t:0_50	n_t:0_36	n_t:0_55	n_t:0_39	n_t:0_42	n_t:0_37	n_t:0_35
26_8	n_t:0_67	n_t:0_68	n_t:0_66	n_t:0_70	n_t:0_69	n_t:0_74	n_t:0_73	n_t:0_72	n_t:0_71
26_5	n_t:0_79	n_t:0_78	n_t:0_80
27_3	n_t:0_53	n_t:0_48	n_t:0_56	n_t:0_49	n_t:0_52	n_t:0_46	n_t:0_47	n_t:0_51
27_1	n_t:0_8	n_t:0_3	n_t:0_2	n_t:0_1	n_t:0_14	n_t:0_11
27_2	n_t:0_50	n_t:0_36	n_t:0_55	n_t:0_39	n_t:0_42	n_t:0_37	n_t:0_35
27_8	n_t:0_67	n_t:0_68	n_t:0_66	n_t:0_70	n_t:0_69	n_t:0_74	n_t:0_73	n_t:0_72	n_t:0_71
27_5	n_t:0_79	n_t:0_78	n_t:0_80
28_3	n_t:0_53	n_t:0_48	n_t:0_56	n_t:0_49	n_t:0_52	n_t:0_46	n_t:0_47	n_t:0_51
28_1	n_t:0_8	n_t:0_3	n_t:0_2	n_t:0_1	n_t:0_14	n_t:0_11
28_2	n_t:0_36	n_t:0_39	n_t:0_42	n_t:0_37	n_t:0_35
28_8	n_t:0_67	n_t:0_68	n_t:0_66	n_t:0_70	n_t:0_69	n_t:0_74	n_t:0_73	n_t:0_72	n_t:0_71
28_5	n_t:0_79	n_t:0_88	n_t:0_83	n_t:0_74	n_t:0_78	n_t:0_80
29_3	n_t:0_53	n_t:0_48	n_t:0_56	n_t:0_49	n_t:0_52	n_t:0_46	n_t:0_47	n_t:0_51
29_1	n_t:0_8	n_t:0_3	n_t:0_2	n_t:0_1	n_t:0_14	n_t:0_11
29_2	n_t:0_36	n_t:0_39	n_t:0_42	n_t:0_37	n_t:0_35
29_8	n_t:0_67	n_t:0_68	n_t:0_66	n_t:0_70	n_t:0_69	n_t:0_74	n_t:0_73	n_t:0_72	n_t:0_71
29_5	n_t:0_79	n_t:0_88	n_t:0_83	n_t:0_74	n_t:0_78	n_t:0_80
30_3	n_t:0_53	n_t:0_48	n_t:0_56	n_t:0_49	n_t:0_52	n_t:0_46	n_t:0_47	n_t:0_51
30_1	n_t:0_8	n_t:0_3	n_t:0_2	n_t:0_1	n_t:0_14	n_t:0_11
30_2	n_t:0_36	n_t:0_39	n_t:0_42	n_t:0_37	n_t:0_35
30_8	n_t:0_67	n_t:0_68	n_t:0_66	n_t:0_70	n_t:0_69	n_t:0_74	n_t:0_73	n_t:0_72	n_t:0_71
30_5	n_t:0_79	n_t:0_88	n_t:0_83	n_t:0_74	n_t:0_78	n_t:0_80
31_3	n_t:0_53	n_t:0_48	n_t:0_56	n_t:0_49	n_t:0_52	n_t:0_46	n_t:0_47	n_t:0_51
31_1	n_t:0_8	n_t:0_3	n_t:0_2	n_t:0_1	n_t:0_14	n_t:0_11
31_2	n_t:0_36	n_t:0_39	n_t:0_42	n_t:0_37	n_t:0_35
31_8	n_t:0_67	n_t:0_68	n_t:0_66	n_t:0_70	n_t:0_69	n_t:0_74	n_t:0_73	n_t:0_72	n_t:0_71
31_5	n_t:0_79	n_t:0_88	n_t:0_83	n_t:0_74	n_t:0_78	n_t:0_80
32_3	n_t:0_53	n_t:0_48	n_t:0_56	n_t:0_49	n_t:0_52	n_t:0_46	n_t:0_47	n_t:0_51
32_1	n_t:0_8	n_t:0_3	n_t:0_2	n_t:0_1	n_t:0_14	n_t:0_11
32_2	n_t:0_36	n_t:0_39	n_t:0_42	n_t:0_37	n_t:0_35
32_8	n_t:0_67	n_t:0_68	n_t:0_66	n_t:0_69	n_t:0_74	n_t:0_73	n_t:0_72	n_t:0_71
32_5	n_t:0_79	n_t:0_88	n_t:0_83	n_t:0_74	n_t:0_78	n_t:0_80
33_3	n_t:0_53	n_t:0_48	n_t:0_56	n_t:0_49	n_t:0_52	n_t:0_46	n_t:0_47	n_t:0_51
33_1	n_t:0_8	n_t:0_3	n_t:0_2	n_t:0_1	n_t:0_14	n_t:0_11
33_2	n_t:0_36	n_t:0_39	n_t:0_42	n_t:0_37	n_t:0_35
33_8	n_t:0_67	n_t:0_66	n_t:0_69	n_t:0_74	n_t:0_73	n_t:0_72	n_t:0_71
33_5	n_t:0_79	n_t:0_88	n_t:0_83	n_t:0_74	n_t:0_78	n_t:0_80
34_3	n_t:0_53	n_t:0_48	n_t:0_56	n_t:0_49	n_t:0_52	n_t:0_46	n_t:0_47	n_t:0_51
34_1	n_t:0_8	n_t:0_3	n_t:0_2	n_t:0_1	n_t:0_17	n_t:0_14	n_t:0_11	n_t:0_5
34_2	n_t:0_36	n_t:0_39	n_t:0_42	n_t:0_37	n_t:0_35
34_8	n_t:0_67	n_t:0_66	n_t:0_69	n_t:0_74	n_t:0_73	n_t:0_72	n_t:0_71
34_5	n_t:0_79	n_t:0_88	n_t:0_83	n_t:0_74	n_t:0_80
35_3	n_t:0_53	n_t:0_48	n_t:0_56	n_t:0_49	n_t:0_55	n_t:0_52	n_t:0_46	n_t:0_47	n_t:0_51
35_1	n_t:0_8	n_t:0_3	n_t:0_2	n_t:0_1	n_t:0_17	n_t:0_14	n_t:0_11	n_t:0_5
35_2	n_t:0_36	n_t:0_39	n_t:0_42	n_t:0_37	n_t:0_35
35_8	n_t:0_67	n_t:0_66	n_t:0_69	n_t:0_74	n_t:0_73	n_t:0_72	n_t:0_71
35_5	n_t:0_79	n_t:0_88	n_t:0_83	n_t:0_74	n_t:0_80
36_3	n_t:0_53	n_t:0_48	n_t:0_56	n_t:0_49	n_t:0_55	n_t:0_52	n_t:0_46	n_t:0_47	n_t:0_51
36_6	n_t:0_63	n_t:0_60	n_t:0_61	n_t:0_56	n_t:0_59
36_1	n_t:0_8	n_t:0_3	n_t:0_2	n_t:0_1	n_t:0_17	n_t:0_14	n_t:0_11	n_t:0_5
36_2	n_t:0_36	n_t:0_39	n_t:0_42	n_t:0_37	n_t:0_35
36_8	n_t:0_67	n_t:0_66	n_t:0_69	n_t:0_74	n_t:0_73	n_t:0_72	n_t:0_71
36_5	n_t:0_79	n_t:0_88	n_t:0_83	n_t:0_74	n_t:0_80
37_3	n_t:0_53	n_t:0_48	n_t:0_56	n_t:0_49	n_t:0_55	n_t:0_52	n_t:0_46	n_t:0_47	n_t:0_51
37_6	n_t:0_63	n_t:0_60	n_t:0_61	n_t:0_56	n_t:0_59
37_1	n_t:0_8	n_t:0_3	n_t:0_2	n_t:0_1	n_t:0_17	n_t:0_14	n_t:0_11	n_t:0_5
37_2	n_t:0_36	n_t:0_39	n_t:0_42	n_t:0_37	n_t:0_35
37_8	n_t:0_67	n_t:0_66	n_t:0_74	n_t:0_73	n_t:0_72	n_t:0_71
37_5	n_t:0_79	n_t:0_88	n_t:0_83	n_t:0_74	n_t:0_80
38_3	n_t:0_53	n_t:0_48	n_t:0_56	n_t:0_49	n_t:0_55	n_t:0_52	n_t:0_46	n_t:0_47	n_t:0_51
38_6	n_t:0_63	n_t:0_60	n_t:0_61	n_t:0_56	n_t:0_59
38_1	n_t:0_8	n_t:0_3	n_t:0_2	n_t:0_1	n_t:0_17	n_t:0_14	n_t:0_11	n_t:0_5
38_2	n_t:0_36	n_t:0_39	n_t:0_42	n_t:0_37	n_t:0_35
38_8	n_t:0_67	n_t:0_66	n_t:0_74	n_t:0_73	n_t:0_72	n_t:0_71
38_5	n_t:0_79	n_t:0_88	n_t:0_83	n_t:0_69	n_t:0_74	n_t:0_80
39_3	n_t:0_53	n_t:0_48	n_t:0_56	n_t:0_49	n_t:0_55	n_t:0_52	n_t:0_46	n_t:0_47	n_t:0_51
39_6	n_t:0_63	n_t:0_60	n_t:0_61	n_t:0_56	n_t:0_59
39_1	n_t:0_8	n_t:0_3	n_t:0_2	n_t:0_1	n_t:0_17	n_t:0_14	n_t:0_11	n_t:0_5
39_2	n_t:0_36	n_t:0_39	n_t:0_42	n_t:0_37	n_t:0_35
39_8	n_t:0_67	n_t:0_66	n_t:0_74	n_t:0_73	n_t:0_72	n_t:0_71
39_5	n_t:0_79	n_t:0_88	n_t:0_83	n_t:0_69	n_t:0_74	n_t:0_80
40_3	n_t:0_53	n_t:0_48	n_t:0_56	n_t:0_49	n_t:0_55	n_t:0_52	n_t:0_46	n_t:0_47	n_t:0_51
40_6	n_t:0_63	n_t:0_60	n_t:0_61	n_t:0_56	n_t:0_59
40_1	n_t:0_8	n_t:0_3	n_t:0_2	n_t:0_1	n_t:0_17	n_t:0_14	n_t:0_11	n_t:0_5
40_2	n_t:0_36	n_t:0_39	n_t:0_42	n_t:0_37	n_t:0_35
40_8	n_t:0_67	n_t:0_66	n_t:0_74	n_t:0_73	n_t:0_72	n_t:0_71
40_5	n_t:0_79	n_t:0_88	n_t:0_83	n_t:0_69	n_t:0_74	n_t:0_80
41_3	n_t:0_53	n_t:0_48	n_t:0_56	n_t:0_49	n_t:0_55	n_t:0_52	n_t:0_46	n_t:0_47	n_t:0_51
41_6	n_t:0_63	n_t:0_60	n_t:0_61	n_t:0_56	n_t:0_59
41_1	n_t:0_20	n_t:0_8	n_t:0_3	n_t:0_2	n_t:0_1	n_t:0_17	n_t:0_14	n_t:0_11	n_t:0_5
41_2	n_t:0_36	n_t:0_39	n_t:0_42	n_t:0_37	n_t:0_35
41_8	n_t:0_67	n_t:0_66	n_t:0_74	n_t:0_73	n_t:0_72	n_t:0_71
41_5	n_t:0_79	n_t:0_88	n_t:0_83	n_t:0_69	n_t:0_74	n_t:0_80	n_t:0_93
42_3	n_t:0_53	n_t:0_48	n_t:0_56	n_t:0_49	n_t:0_55	n_t:0_52	n_t:0_46	n_t:0_47	n_t:0_51
42_6	n_t:0_63	n_t:0_60	n_t:0_61	n_t:0_56	n_t:0_59
42_1	n_t:0_20	n_t:0_8	n_t:0_3	n_t:0_2	n_t:0_1	n_t:0_17	n_t:0_14	n_t:0_11	n_t:0_5
42_2	n_t:0_36	n_t:0_39	n_t:0_42	n_t:0_37	n_t:0_35
42_8	n_t:0_67	n_t:0_66	n_t:0_74	n_t:0_73	n_t:0_72	n_t:0_71
42_5	n_t:0_79	n_t:0_88	n_t:0_83	n_t:0_69	n_t:0_74	n_t:0_80	n_t:0_93
43_3	n_t:0_53	n_t:0_48	n_t:0_56	n_t:0_49	n_t:0_55	n_t:0_52	n_t:0_46	n_t:0_47	n_t:0_51
43_6	n_t:0_63	n_t:0_55	n_t:0_60	n_t:0_61	n_t:0_56	n_t:0_59
43_1	n_t:0_20	n_t:0_8	n_t:0_3	n_t:0_2	n_t:0_1	n_t:0_17	n_t:0_14	n_t:0_11	n_t:0_5
43_2	n_t:0_36	n_t:0_39	n_t:0_42	n_t:0_37	n_t:0_35
43_8	n_t:0_67	n_t:0_66	n_t:0_74	n_t:0_73	n_t:0_72	n_t:0_71
43_5	n_t:0_79	n_t:0_88	n_t:0_83	n_t:0_69	n_t:0_74	n_t:0_80	n_t:0_93
44_3	n_t:0_53	n_t:0_48	n_t:0_56	n_t:0_49	n_t:0_55	n_t:0_52	n_t:0_46	n_t:0_47	n_t:0_51
44_6	n_t:0_63	n_t:0_55	n_t:0_60	n_t:0_61	n_t:0_56	n_t:0_59	n_t:0_47
44_1	n_t:0_20	n_t:0_8	n_t:0_3	n_t:0_2	n_t:0_1	n_t:0_17	n_t:0_14	n_t:0_11	n_t:0_5
44_2	n_t:0_36	n_t:0_39	n_t:0_42	n_t:0_37	n_t:0_35
44_8	n_t:0_67	n_t:0_66	n_t:0_74	n_t:0_73	n_t:0_72	n_t:0_71
44_5	n_t:0_79	n_t:0_88	n_t:0_83	n_t:0_69	n_t:0_74	n_t:0_80	n_t:0_93
45_3	n_t:0_53	n_t:0_48	n_t:0_56	n_t:0_49	n_t:0_55	n_t:0_52	n_t:0_46	n_t:0_47	n_t:0_51
45_6	n_t:0_63	n_t:0_55	n_t:0_52	n_t:0_60	n_t:0_61	n_t:0_56	n_t:0_59	n_t:0_47
45_1	n_t:0_20	n_t:0_8	n_t:0_3	n_t:0_2	n_t:0_1	n_t:0_17	n_t:0_14	n_t:0_11	n_t:0_5
45_2	n_t:0_36	n_t:0_39	n_t:0_42	n_t:0_37	n_t:0_35
45_8	n_t:0_67	n_t:0_66	n_t:0_74	n_t:0_73	n_t:0_72	n_t:0_71
45_5	n_t:0_79	n_t:0_88	n_t:0_83	n_t:0_69	n_t:0_74	n_t:0_80	n_t:0_93
46_3	n_t:0_53	n_t:0_48	n_t:0_56	n_t:0_49	n_t:0_55	n_t:0_52	n_t:0_46	n_t:0_47	n_t:0_51
46_6	n_t:0_63	n_t:0_55	n_t:0_52	n_t:0_60	n_t:0_61	n_t:0_56	n_t:0_59	n_t:0_47
46_1	n_t:0_20	n_t:0_8	n_t:0_3	n_t:0_2	n_t:0_1	n_t:0_17	n_t:0_14	n_t:0_11	n_t:0_5
46_2	n_t:0_36	n_t:0_39	n_t:0_42	n_t:0_37	n_t:0_35
46_8	n_t:0_67	n_t:0_66	n_t:0_74	n_t:0_73	n_t:0_72	n_t:0_71
46_5	n_t:0_79	n_t:0_88	n_t:0_83	n_t:0_69	n_t:0_74	n_t:0_80	n_t:0_93
47_3	n_t:0_53	n_t:0_48	n_t:0_56	n_t:0_49	n_t:0_55	n_t:0_52	n_t:0_46	n_t:0_47	n_t:0_51
47_6	n_t:0_63	n_t:0_55	n_t:0_52	n_t:0_60	n_t:0_61	n_t:0_56	n_t:0_59	n_t:0_47
47_1	n_t:0_20	n_t:0_8	n_t:0_3	n_t:0_2	n_t:0_1	n_t:0_17	n_t:0_14	n_t:0_11	n_t:0_5
47_2	n_t:0_36	n_t:0_39	n_t:0_42	n_t:0_37	n_t:0_35
47_8	n_t:0_67	n_t:0_66	n_t:0_74	n_t:0_73	n_t:0_72	n_t:0_71
47_5	n_t:0_79	n_t:0_88	n_t:0_83	n_t:0_69	n_t:0_74	n_t:0_93
48_3	n_t:0_53	n_t:0_48	n_t:0_56	n_t:0_49	n_t:0_55	n_t:0_52	n_t:0_46	n_t:0_47	n_t:0_51
48_6	n_t:0_63	n_t:0_55	n_t:0_52	n_t:0_60	n_t:0_61	n_t:0_56	n_t:0_59	n_t:0_47
48_1	n_t:0_20	n_t:0_8	n_t:0_3	n_t:0_2	n_t:0_1	n_t:0_17	n_t:0_14	n_t:0_11	n_t:0_5
48_2	n_t:0_36	n_t:0_39	n_t:0_42	n_t:0_37	n_t:0_35
48_8	n_t:0_67	n_t:0_66	n_t:0_74	n_t:0_73	n_t:0_72	n_t:0_71
48_5	n_t:0_79	n_t:0_88	n_t:0_83	n_t:0_69	n_t:0_74	n_t:0_93
49_3	n_t:0_63	n_t:0_56	n_t:0_55	n_t:0_52	n_t:0_46	n_t:0_60	n_t:0_61	n_t:0_47	n_t:0_59
49_1	n_t:0_20	n_t:0_8	n_t:0_3	n_t:0_2	n_t:0_1	n_t:0_17	n_t:0_14	n_t:0_11	n_t:0_5	n_t:0_23
49_2	n_t:0_36	n_t:0_39	n_t:0_42	n_t:0_37	n_t:0_35
49_8	n_t:0_67	n_t:0_66	n_t:0_74	n_t:0_73	n_t:0_72	n_t:0_71
49_5	n_t:0_79	n_t:0_88	n_t:0_83	n_t:0_69	n_t:0_74	n_t:0_93
50_3	n_t:0_48	n_t:0_63	n_t:0_56	n_t:0_55	n_t:0_52	n_t:0_46	n_t:0_60	n_t:0_61	n_t:0_47	n_t:0_59
50_1	n_t:0_20	n_t:0_8	n_t:0_3	n_t:0_2	n_t:0_1	n_t:0_17	n_t:0_14	n_t:0_11	n_t:0_5	n_t:0_23
50_2	n_t:0_36	n_t:0_39	n_t:0_42	n_t:0_37	n_t:0_35
50_8	n_t:0_67	n_t:0_66	n_t:0_74	n_t:0_73	n_t:0_72	n_t:0_71
50_5	n_t:0_79	n_t:0_88	n_t:0_83	n_t:0_69	n_t:0_74	n_t:0_93
51_3	n_t:0_48	n_t:0_63	n_t:0_56	n_t:0_55	n_t:0_52	n_t:0_46	n_t:0_60	n_t:0_61	n_t:0_47	n_t:0_59
51_1	n_t:0_20	n_t:0_8	n_t:0_3	n_t:0_2	n_t:0_1	n_t:0_17	n_t:0_14	n_t:0_11	n_t:0_5	n_t:0_23
51_2	n_t:0_36	n_t:0_39	n_t:0_42	n_t:0_37	n_t:0_35
51_8	n_t:0_67	n_t:0_66	n_t:0_74	n_t:0_73	n_t:0_72	n_t:0_71
51_5	n_t:0_79	n_t:0_88	n_t:0_83	n_t:0_69	n_t:0_74	n_t:0_93
52_3	n_t:0_50	n_t:0_48	n_t:0_63	n_t:0_56	n_t:0_55	n_t:0_52	n_t:0_46	n_t:0_60	n_t:0_61	n_t:0_47	n_t:0_59
52_1	n_t:0_20	n_t:0_8	n_t:0_3	n_t:0_2	n_t:0_1	n_t:0_17	n_t:0_14	n_t:0_11	n_t:0_5	n_t:0_23
52_2	n_t:0_36	n_t:0_39	n_t:0_42	n_t:0_37	n_t:0_35
52_8	n_t:0_67	n_t:0_66	n_t:0_74	n_t:0_73	n_t:0_72	n_t:0_71
52_5	n_t:0_79	n_t:0_88	n_t:0_83	n_t:0_69	n_t:0_74	n_t:0_93
53_3	n_t:0_56	n_t:0_61	n_t:0_47	n_t:0_62	n_t:0_48	n_t:0_52	n_t:0_63	n_t:0_50	n_t:0_55	n_t:0_59	n_t:0_60	n_t:0_46
53_1	n_t:0_20	n_t:0_8	n_t:0_3	n_t:0_2	n_t:0_1	n_t:0_17	n_t:0_14	n_t:0_11	n_t:0_5	n_t:0_23
53_2	n_t:0_36	n_t:0_39	n_t:0_42	n_t:0_37	n_t:0_35
53_8	n_t:0_67	n_t:0_66	n_t:0_74	n_t:0_73	n_t:0_72	n_t:0_71
53_5	n_t:0_79	n_t:0_88	n_t:0_83	n_t:0_69	n_t:0_74	n_t:0_93
54_3	n_t:0_56	n_t:0_61	n_t:0_47	n_t:0_62	n_t:0_48	n_t:0_52	n_t:0_63	n_t:0_50	n_t:0_55	n_t:0_59	n_t:0_60	n_t:0_46
54_1	n_t:0_20	n_t:0_8	n_t:0_3	n_t:0_2	n_t:0_1	n_t:0_17	n_t:0_14	n_t:0_11	n_t:0_5	n_t:0_23
54_2	n_t:0_36	n_t:0_39	n_t:0_42	n_t:0_37	n_t:0_35
54_8	n_t:0_67	n_t:0_66	n_t:0_74	n_t:0_73	n_t:0_72	n_t:0_71
54_5	n_t:0_79	n_t:0_88	n_t:0_83	n_t:0_69	n_t:0_74	n_t:0_93
55_16	n_t:0_50	n_t:0_23	n_t:0_11	n_t:0_59	n_t:0_26
55_3	n_t:0_56	n_t:0_61	n_t:0_47	n_t:0_62	n_t:0_51	n_t:0_48	n_t:0_52	n_t:0_63	n_t:0_50	n_t:0_55	n_t:0_59	n_t:0_60	n_t:0_46
55_1	n_t:0_20	n_t:0_8	n_t:0_3	n_t:0_2	n_t:0_1	n_t:0_17	n_t:0_14	n_t:0_11	n_t:0_5	n_t:0_23
55_2	n_t:0_36	n_t:0_39	n_t:0_42	n_t:0_37	n_t:0_35
55_8	n_t:0_67	n_t:0_66	n_t:0_74	n_t:0_73	n_t:0_72	n_t:0_71
55_5	n_t:0_79	n_t:0_88	n_t:0_83	n_t:0_69	n_t:0_74	n_t:0_93
56_16	n_t:0_50	n_t:0_23	n_t:0_11	n_t:0_59	n_t:0_26
56_3	n_t:0_56	n_t:0_61	n_t:0_47	n_t:0_62	n_t:0_51	n_t:0_48	n_t:0_52	n_t:0_63	n_t:0_50	n_t:0_55	n_t:0_59	n_t:0_60	n_t:0_46
56_1	n_t:0_20	n_t:0_8	n_t:0_3	n_t:0_2	n_t:0_1	n_t:0_17	n_t:0_14	n_t:0_11	n_t:0_5	n_t:0_23
56_2	n_t:0_36	n_t:0_39	n_t:0_42	n_t:0_37	n_t:0_35
56_8	n_t:0_67	n_t:0_66	n_t:0_74	n_t:0_73	n_t:0_72	n_t:0_71
56_5	n_t:0_79	n_t:0_98	n_t:0_88	n_t:0_83	n_t:0_69	n_t:0_74	n_t:0_93
57_3	n_t:0_56	n_t:0_61	n_t:0_47	n_t:0_62	n_t:0_51	n_t:0_48	n_t:0_52	n_t:0_63	n_t:0_50	n_t:0_55	n_t:0_59	n_t:0_60	n_t:0_46
57_1	n_t:0_20	n_t:0_8	n_t:0_3	n_t:0_2	n_t:0_1	n_t:0_17	n_t:0_14	n_t:0_11	n_t:0_5	n_t:0_23
57_2	n_t:0_36	n_t:0_39	n_t:0_42	n_t:0_37	n_t:0_35
57_8	n_t:0_67	n_t:0_66	n_t:0_74	n_t:0_73	n_t:0_72	n_t:0_71
57_5	n_t:0_79	n_t:0_98	n_t:0_88	n_t:0_83	n_t:0_69	n_t:0_74	n_t:0_93
58_3	n_t:0_56	n_t:0_61	n_t:0_47	n_t:0_62	n_t:0_51	n_t:0_48	n_t:0_52	n_t:0_63	n_t:0_50	n_t:0_55	n_t:0_59	n_t:0_60	n_t:0_46
58_1	n_t:0_20	n_t:0_8	n_t:0_3	n_t:0_2	n_t:0_1	n_t:0_17	n_t:0_14	n_t:0_11	n_t:0_5	n_t:0_23	n_t:0_26
58_2	n_t:0_36	n_t:0_39	n_t:0_42	n_t:0_37	n_t:0_35
58_8	n_t:0_67	n_t:0_66	n_t:0_74	n_t:0_73	n_t:0_72	n_t:0_71
58_5	n_t:0_79	n_t:0_98	n_t:0_88	n_t:0_83	n_t:0_69	n_t:0_74	n_t:0_93
59_3	n_t:0_56	n_t:0_53	n_t:0_61	n_t:0_47	n_t:0_62	n_t:0_51	n_t:0_48	n_t:0_52	n_t:0_63	n_t:0_50	n_t:0_55	n_t:0_59	n_t:0_60	n_t:0_46
59_1	n_t:0_20	n_t:0_8	n_t:0_3	n_t:0_2	n_t:0_1	n_t:0_17	n_t:0_14	n_t:0_11	n_t:0_5	n_t:0_23	n_t:0_26
59_2	n_t:0_36	n_t:0_39	n_t:0_42	n_t:0_37	n_t:0_35
59_8	n_t:0_67	n_t:0_66	n_t:0_74	n_t:0_73	n_t:0_72	n_t:0_71
59_5	n_t:0_79	n_t:0_98	n_t:0_88	n_t:0_83	n_t:0_69	n_t:0_74	n_t:0_93
60_3	n_t:0_56	n_t:0_53	n_t:0_61	n_t:0_47	n_t:0_62	n_t:0_51	n_t:0_48	n_t:0_52	n_t:0_63	n_t:0_50	n_t:0_55	n_t:0_59	n_t:0_60	n_t:0_46
60_1	n_t:0_20	n_t:0_8	n_t:0_3	n_t:0_2	n_t:0_1	n_t:0_17	n_t:0_14	n_t:0_11	n_t:0_5	n_t:0_23	n_t:0_26
60_2	n_t:0_36	n_t:0_39	n_t:0_42	n_t:0_37	n_t:0_35
60_8	n_t:0_67	n_t:0_66	n_t:0_74	n_t:0_73	n_t:0_72	n_t:0_71
60_5	n_t:0_79	n_t:0_98	n_t:0_88	n_t:0_83	n_t:0_69	n_t:0_74	n_t:0_93
61_3	n_t:0_56	n_t:0_53	n_t:0_61	n_t:0_47	n_t:0_62	n_t:0_51	n_t:0_48	n_t:0_52	n_t:0_63	n_t:0_50	n_t:0_55	n_t:0_59	n_t:0_60	n_t:0_46
61_1	n_t:0_20	n_t:0_8	n_t:0_3	n_t:0_2	n_t:0_1	n_t:0_17	n_t:0_14	n_t:0_11	n_t:0_5	n_t:0_23	n_t:0_26
61_2	n_t:0_36	n_t:0_39	n_t:0_42	n_t:0_37	n_t:0_35
61_8	n_t:0_67	n_t:0_66	n_t:0_74	n_t:0_73	n_t:0_72	n_t:0_71
61_5	n_t:0_79	n_t:0_98	n_t:0_88	n_t:0_83	n_t:0_69	n_t:0_74	n_t:0_93
62_3	n_t:0_56	n_t:0_53	n_t:0_61	n_t:0_47	n_t:0_62	n_t:0_51	n_t:0_48	n_t:0_52	n_t:0_63	n_t:0_50	n_t:0_55	n_t:0_59	n_t:0_60	n_t:0_46
62_1	n_t:0_20	n_t:0_8	n_t:0_3	n_t:0_2	n_t:0_1	n_t:0_17	n_t:0_14	n_t:0_11	n_t:0_5	n_t:0_23	n_t:0_26
62_2	n_t:0_36	n_t:0_39	n_t:0_42	n_t:0_37	n_t:0_35
62_8	n_t:0_67	n_t:0_66	n_t:0_74	n_t:0_73	n_t:0_72	n_t:0_71
62_5	n_t:0_98	n_t:0_88	n_t:0_83	n_t:0_69	n_t:0_74	n_t:0_93
63_3	n_t:0_56	n_t:0_53	n_t:0_61	n_t:0_47	n_t:0_62	n_t:0_51	n_t:0_48	n_t:0_52	n_t:0_63	n_t:0_50	n_t:0_55	n_t:0_59	n_t:0_60	n_t:0_46
63_1	n_t:0_20	n_t:0_8	n_t:0_3	n_t:0_2	n_t:0_1	n_t:0_17	n_t:0_14	n_t:0_11	n_t:0_5	n_t:0_23	n_t:0_26
63_2	n_t:0_50	n_t:0_36	n_t:0_39	n_t:0_42	n_t:0_37	n_t:0_35
63_8	n_t:0_67	n_t:0_66	n_t:0_74	n_t:0_73	n_t:0_72	n_t:0_71
63_5	n_t:0_98	n_t:0_88	n_t:0_83	n_t:0_69	n_t:0_74	n_t:0_93
64_3	n_t:0_56	n_t:0_53	n_t:0_61	n_t:0_47	n_t:0_62	n_t:0_51	n_t:0_48	n_t:0_52	n_t:0_63	n_t:0_50	n_t:0_55	n_t:0_59	n_t:0_60	n_t:0_46
64_1	n_t:0_20	n_t:0_8	n_t:0_3	n_t:0_2	n_t:0_1	n_t:0_17	n_t:0_14	n_t:0_11	n_t:0_5	n_t:0_23	n_t:0_26
64_2	n_t:0_50	n_t:0_36	n_t:0_39	n_t:0_42	n_t:0_37	n_t:0_35
64_8	n_t:0_67	n_t:0_66	n_t:0_74	n_t:0_73	n_t:0_72	n_t:0_71
64_5	n_t:0_98	n_t:0_88	n_t:0_83	n_t:0_69	n_t:0_74	n_t:0_93
65_3	n_t:0_56	n_t:0_53	n_t:0_61	n_t:0_47	n_t:0_62	n_t:0_51	n_t:0_48	n_t:0_52	n_t:0_63	n_t:0_50	n_t:0_55	n_t:0_59	n_t:0_60	n_t:0_46
65_1	n_t:0_20	n_t:0_8	n_t:0_3	n_t:0_2	n_t:0_1	n_t:0_17	n_t:0_14	n_t:0_11	n_t:0_5	n_t:0_23	n_t:0_26
65_2	n_t:0_36	n_t:0_39	n_t:0_42	n_t:0_37	n_t:0_35
65_8	n_t:0_67	n_t:0_66	n_t:0_74	n_t:0_73	n_t:0_72	n_t:0_71
65_5	n_t:0_98	n_t:0_88	n_t:0_83	n_t:0_69	n_t:0_74	n_t:0_93
66_3	n_t:0_56	n_t:0_53	n_t:0_61	n_t:0_47	n_t:0_62	n_t:0_51	n_t:0_48	n_t:0_52	n_t:0_63	n_t:0_50	n_t:0_55	n_t:0_59	n_t:0_60	n_t:0_46
66_1	n_t:0_20	n_t:0_8	n_t:0_3	n_t:0_2	n_t:0_1	n_t:0_17	n_t:0_14	n_t:0_11	n_t:0_5	n_t:0_23	n_t:0_26
66_2	n_t:0_36	n_t:0_39	n_t:0_42	n_t:0_37	n_t:0_35
66_8	n_t:0_67	n_t:0_66	n_t:0_74	n_t:0_73	n_t:0_72	n_t:0_71
66_5	n_t:0_98	n_t:0_88	n_t:0_83	n_t:0_69	n_t:0_74	n_t:0_93
67_3	n_t:0_56	n_t:0_53	n_t:0_61	n_t:0_47	n_t:0_62	n_t:0_51	n_t:0_48	n_t:0_52	n_t:0_63	n_t:0_50	n_t:0_55	n_t:0_59	n_t:0_60	n_t:0_46
67_1	n_t:0_20	n_t:0_8	n_t:0_3	n_t:0_2	n_t:0_1	n_t:0_17	n_t:0_14	n_t:0_11	n_t:0_5	n_t:0_23	n_t:0_26
67_2	n_t:0_36	n_t:0_39	n_t:0_42	n_t:0_37	n_t:0_35
67_8	n_t:0_67	n_t:0_66	n_t:0_74	n_t:0_73	n_t:0_72	n_t:0_71
67_5	n_t:0_98	n_t:0_88	n_t:0_83	n_t:0_69	n_t:0_74	n_t:0_93
68_3	n_t:0_56	n_t:0_53	n_t:0_61	n_t:0_47	n_t:0_62	n_t:0_51	n_t:0_48	n_t:0_52	n_t:0_63	n_t:0_50	n_t:0_55	n_t:0_59	n_t:0_60	n_t:0_46
68_1	n_t:0_5	n_t:0_29	n_t:0_23	n_t:0_1	n_t:0_17	n_t:0_11	n_t:0_20	n_t:0_14	n_t:0_8	n_t:0_3	n_t:0_26	n_t:0_2
68_2	n_t:0_36	n_t:0_39	n_t:0_42	n_t:0_37	n_t:0_35
68_8	n_t:0_67	n_t:0_66	n_t:0_74	n_t:0_73	n_t:0_72	n_t:0_71
68_5	n_t:0_98	n_t:0_88	n_t:0_83	n_t:0_69	n_t:0_74	n_t:0_93
69_3	n_t:0_56	n_t:0_53	n_t:0_61	n_t:0_47	n_t:0_62	n_t:0_51	n_t:0_48	n_t:0_52	n_t:0_63	n_t:0_50	n_t:0_55	n_t:0_59	n_t:0_60	n_t:0_46
69_1	n_t:0_5	n_t:0_29	n_t:0_23	n_t:0_1	n_t:0_17	n_t:0_11	n_t:0_20	n_t:0_14	n_t:0_8	n_t:0_3	n_t:0_26	n_t:0_2
69_2	n_t:0_36	n_t:0_39	n_t:0_42	n_t:0_37	n_t:0_35
69_8	n_t:0_67	n_t:0_66	n_t:0_74	n_t:0_73	n_t:0_72	n_t:0_71
69_5	n_t:0_98	n_t:0_88	n_t:0_83	n_t:0_69	n_t:0_74	n_t:0_93
70_3	n_t:0_56	n_t:0_53	n_t:0_61	n_t:0_47	n_t:0_62	n_t:0_51	n_t:0_48	n_t:0_52	n_t:0_63	n_t:0_50	n_t:0_55	n_t:0_59	n_t:0_60	n_t:0_46
70_1	n_t:0_5	n_t:0_29	n_t:0_23	n_t:0_1	n_t:0_17	n_t:0_11	n_t:0_20	n_t:0_14	n_t:0_8	n_t:0_3	n_t:0_26	n_t:0_2
70_2	n_t:0_36	n_t:0_39	n_t:0_42	n_t:0_37	n_t:0_35
70_8	n_t:0_67	n_t:0_66	n_t:0_74	n_t:0_73	n_t:0_72	n_t:0_71
70_5	n_t:0_98	n_t:0_88	n_t:0_83	n_t:0_69	n_t:0_74	n_t:0_93
71_3	n_t:0_56	n_t:0_53	n_t:0_61	n_t:0_47	n_t:0_62	n_t:0_51	n_t:0_48	n_t:0_52	n_t:0_63	n_t:0_50	n_t:0_55	n_t:0_59	n_t:0_60	n_t:0_46
71_1	n_t:0_5	n_t:0_29	n_t:0_23	n_t:0_1	n_t:0_17	n_t:0_11	n_t:0_20	n_t:0_14	n_t:0_8	n_t:0_3	n_t:0_26	n_t:0_2
71_2	n_t:0_50	n_t:0_36	n_t:0_39	n_t:0_42	n_t:0_37	n_t:0_35
71_8	n_t:0_67	n_t:0_66	n_t:0_74	n_t:0_73	n_t:0_72	n_t:0_71
71_5	n_t:0_98	n_t:0_88	n_t:0_83	n_t:0_69	n_t:0_74	n_t:0_93
72_3	n_t:0_56	n_t:0_53	n_t:0_61	n_t:0_47	n_t:0_62	n_t:0_51	n_t:0_48	n_t:0_52	n_t:0_63	n_t:0_50	n_t:0_55	n_t:0_59	n_t:0_60	n_t:0_46
72_1	n_t:0_5	n_t:0_29	n_t:0_23	n_t:0_1	n_t:0_17	n_t:0_11	n_t:0_20	n_t:0_14	n_t:0_8	n_t:0_3	n_t:0_26	n_t:0_2
72_2	n_t:0_36	n_t:0_39	n_t:0_42	n_t:0_37	n_t:0_35
72_8	n_t:0_67	n_t:0_66	n_t:0_74	n_t:0_73	n_t:0_72	n_t:0_71
72_5	n_t:0_98	n_t:0_88	n_t:0_83	n_t:0_69	n_t:0_74	n_t:0_93
73_3	n_t:0_56	n_t:0_53	n_t:0_61	n_t:0_47	n_t:0_62	n_t:0_51	n_t:0_48	n_t:0_52	n_t:0_63	n_t:0_50	n_t:0_55	n_t:0_59	n_t:0_60	n_t:0_46
73_1	n_t:0_5	n_t:0_29	n_t:0_23	n_t:0_1	n_t:0_17	n_t:0_11	n_t:0_20	n_t:0_14	n_t:0_8	n_t:0_3	n_t:0_26	n_t:0_2
73_2	n_t:0_36	n_t:0_39	n_t:0_42	n_t:0_37	n_t:0_35
73_8	n_t:0_67	n_t:0_66	n_t:0_74	n_t:0_73	n_t:0_72	n_t:0_71
73_5	n_t:0_98	n_t:0_88	n_t:0_83	n_t:0_69	n_t:0_74	n_t:0_93
74_3	n_t:0_56	n_t:0_53	n_t:0_61	n_t:0_47	n_t:0_62	n_t:0_51	n_t:0_48	n_t:0_52	n_t:0_63	n_t:0_50	n_t:0_55	n_t:0_59	n_t:0_60	n_t:0_46
74_1	n_t:0_5	n_t:0_29	n_t:0_23	n_t:0_1	n_t:0_17	n_t:0_11	n_t:0_20	n_t:0_14	n_t:0_8	n_t:0_3	n_t:0_26	n_t:0_2
74_2	n_t:0_36	n_t:0_39	n_t:0_42	n_t:0_37	n_t:0_35
74_8	n_t:0_67	n_t:0_66	n_t:0_74	n_t:0_73	n_t:0_72	n_t:0_71
74_5	n_t:0_98	n_t:0_88	n_t:0_83	n_t:0_69	n_t:0_74	n_t:0_93
75_3	n_t:0_56	n_t:0_53	n_t:0_61	n_t:0_47	n_t:0_62	n_t:0_51	n_t:0_48	n_t:0_52	n_t:0_63	n_t:0_50	n_t:0_55	n_t:0_59	n_t:0_60	n_t:0_46
75_1	n_t:0_5	n_t:0_29	n_t:0_23	n_t:0_1	n_t:0_17	n_t:0_11	n_t:0_20	n_t:0_14	n_t:0_8	n_t:0_3	n_t:0_26	n_t:0_2
75_2	n_t:0_36	n_t:0_39	n_t:0_42	n_t:0_37	n_t:0_35
75_8	n_t:0_67	n_t:0_66	n_t:0_74	n_t:0_73	n_t:0_72	n_t:0_71
75_5	n_t:0_98	n_t:0_88	n_t:0_83	n_t:0_69	n_t:0_74	n_t:0_93
76_3	n_t:0_56	n_t:0_53	n_t:0_61	n_t:0_47	n_t:0_62	n_t:0_51	n_t:0_48	n_t:0_52	n_t:0_63	n_t:0_50	n_t:0_55	n_t:0_59	n_t:0_60	n_t:0_46
76_1	n_t:0_5	n_t:0_29	n_t:0_23	n_t:0_1	n_t:0_17	n_t:0_11	n_t:0_20	n_t:0_14	n_t:0_8	n_t:0_3	n_t:0_26	n_t:0_2
76_2	n_t:0_36	n_t:0_39	n_t:0_42	n_t:0_37	n_t:0_35
76_8	n_t:0_67	n_t:0_66	n_t:0_74	n_t:0_73	n_t:0_72	n_t:0_71
76_5	n_t:0_98	n_t:0_88	n_t:0_83	n_t:0_69	n_t:0_74	n_t:0_93
77_3	n_t:0_56	n_t:0_53	n_t:0_61	n_t:0_47	n_t:0_62	n_t:0_51	n_t:0_48	n_t:0_52	n_t:0_63	n_t:0_50	n_t:0_55	n_t:0_59	n_t:0_60	n_t:0_46
77_1	n_t:0_5	n_t:0_29	n_t:0_23	n_t:0_1	n_t:0_17	n_t:0_11	n_t:0_20	n_t:0_14	n_t:0_8	n_t:0_3	n_t:0_26	n_t:0_2
77_2	n_t:0_36	n_t:0_39	n_t:0_42	n_t:0_37	n_t:0_35
77_8	n_t:0_67	n_t:0_66	n_t:0_74	n_t:0_73	n_t:0_72	n_t:0_71
77_5	n_t:0_98	n_t:0_88	n_t:0_83	n_t:0_69	n_t:0_74	n_t:0_93
78_3	n_t:0_56	n_t:0_53	n_t:0_61	n_t:0_47	n_t:0_62	n_t:0_51	n_t:0_48	n_t:0_52	n_t:0_63	n_t:0_50	n_t:0_55	n_t:0_59	n_t:0_60	n_t:0_46
78_1	n_t:0_5	n_t:0_29	n_t:0_23	n_t:0_1	n_t:0_17	n_t:0_11	n_t:0_20	n_t:0_14	n_t:0_8	n_t:0_3	n_t:0_26	n_t:0_2
78_2	n_t:0_36	n_t:0_39	n_t:0_42	n_t:0_37	n_t:0_35
78_8	n_t:0_67	n_t:0_66	n_t:0_74	n_t:0_73	n_t:0_72	n_t:0_71
78_5	n_t:0_98	n_t:0_88	n_t:0_83	n_t:0_69	n_t:0_74	n_t:0_93
79_3	n_t:0_56	n_t:0_53	n_t:0_61	n_t:0_47	n_t:0_62	n_t:0_51	n_t:0_48	n_t:0_52	n_t:0_63	n_t:0_50	n_t:0_55	n_t:0_59	n_t:0_60	n_t:0_46
79_1	n_t:0_5	n_t:0_29	n_t:0_23	n_t:0_32	n_t:0_1	n_t:0_17	n_t:0_11	n_t:0_20	n_t:0_14	n_t:0_8	n_t:0_3	n_t:0_26	n_t:0_2
79_2	n_t:0_36	n_t:0_39	n_t:0_42	n_t:0_37	n_t:0_35
79_8	n_t:0_67	n_t:0_66	n_t:0_74	n_t:0_73	n_t:0_72	n_t:0_71
79_5	n_t:0_98	n_t:0_88	n_t:0_83	n_t:0_69	n_t:0_74	n_t:0_93
80_3	n_t:0_56	n_t:0_53	n_t:0_61	n_t:0_47	n_t:0_62	n_t:0_51	n_t:0_48	n_t:0_52	n_t:0_63	n_t:0_50	n_t:0_55	n_t:0_59	n_t:0_60	n_t:0_46
80_1	n_t:0_5	n_t:0_29	n_t:0_23	n_t:0_32	n_t:0_1	n_t:0_17	n_t:0_11	n_t:0_20	n_t:0_14	n_t:0_8	n_t:0_3	n_t:0_26	n_t:0_2
80_2	n_t:0_36	n_t:0_39	n_t:0_42	n_t:0_37	n_t:0_35
80_8	n_t:0_67	n_t:0_66	n_t:0_74	n_t:0_73	n_t:0_72	n_t:0_71
80_5	n_t:0_98	n_t:0_88	n_t:0_83	n_t:0_69	n_t:0_74	n_t:0_93
81_3	n_t:0_56	n_t:0_53	n_t:0_61	n_t:0_47	n_t:0_62	n_t:0_51	n_t:0_48	n_t:0_52	n_t:0_63	n_t:0_50	n_t:0_55	n_t:0_59	n_t:0_60	n_t:0_46
81_1	n_t:0_5	n_t:0_29	n_t:0_23	n_t:0_32	n_t:0_1	n_t:0_17	n_t:0_11	n_t:0_20	n_t:0_14	n_t:0_8	n_t:0_3	n_t:0_26	n_t:0_2
81_2	n_t:0_36	n_t:0_39	n_t:0_42	n_t:0_37	n_t:0_35
81_8	n_t:0_67	n_t:0_66	n_t:0_74	n_t:0_73	n_t:0_72	n_t:0_71
81_5	n_t:0_98	n_t:0_88	n_t:0_83	n_t:0_69	n_t:0_74	n_t:0_93
82_3	n_t:0_56	n_t:0_53	n_t:0_61	n_t:0_47	n_t:0_62	n_t:0_51	n_t:0_48	n_t:0_52	n_t:0_63	n_t:0_50	n_t:0_55	n_t:0_59	n_t:0_60	n_t:0_46
82_1	n_t:0_5	n_t:0_29	n_t:0_23	n_t:0_32	n_t:0_1	n_t:0_17	n_t:0_11	n_t:0_20	n_t:0_14	n_t:0_8	n_t:0_3	n_t:0_26	n_t:0_2
82_2	n_t:0_36	n_t:0_39	n_t:0_42	n_t:0_37	n_t:0_35
82_8	n_t:0_67	n_t:0_66	n_t:0_74	n_t:0_73	n_t:0_72	n_t:0_71
82_5	n_t:0_98	n_t:0_88	n_t:0_83	n_t:0_69	n_t:0_74	n_t:0_93
85_18	n_t:0_55	n_t:0_39	n_t:0_3	n_t:0_11	n_t:0_26
85_3	n_t:0_56	n_t:0_53	n_t:0_61	n_t:0_47	n_t:0_62	n_t:0_51	n_t:0_48	n_t:0_52	n_t:0_63	n_t:0_50	n_t:0_55	n_t:0_59	n_t:0_60	n_t:0_46
85_1	n_t:0_5	n_t:0_29	n_t:0_23	n_t:0_32	n_t:0_1	n_t:0_17	n_t:0_11	n_t:0_20	n_t:0_14	n_t:0_8	n_t:0_3	n_t:0_26	n_t:0_2
85_2	n_t:0_36	n_t:0_39	n_t:0_42	n_t:0_37	n_t:0_35
85_8	n_t:0_67	n_t:0_66	n_t:0_74	n_t:0_73	n_t:0_72	n_t:0_71
85_5	n_t:0_98	n_t:0_88	n_t:0_83	n_t:0_69	n_t:0_74	n_t:0_93
86_18	n_t:0_55	n_t:0_39	n_t:0_3	n_t:0_11	n_t:0_26
86_3	n_t:0_56	n_t:0_53	n_t:0_61	n_t:0_47	n_t:0_62	n_t:0_51	n_t:0_48	n_t:0_52	n_t:0_63	n_t:0_50	n_t:0_55	n_t:0_59	n_t:0_60	n_t:0_46
86_1	n_t:0_5	n_t:0_29	n_t:0_23	n_t:0_32	n_t:0_1	n_t:0_17	n_t:0_11	n_t:0_20	n_t:0_14	n_t:0_8	n_t:0_3	n_t:0_26	n_t:0_2
86_2	n_t:0_36	n_t:0_39	n_t:0_42	n_t:0_37	n_t:0_35
86_8	n_t:0_67	n_t:0_66	n_t:0_74	n_t:0_73	n_t:0_72	n_t:0_71
86_5	n_t:0_98	n_t:0_88	n_t:0_83	n_t:0_69	n_t:0_74	n_t:0_93
87_3	n_t:0_56	n_t:0_53	n_t:0_61	n_t:0_47	n_t:0_62	n_t:0_51	n_t:0_48	n_t:0_52	n_t:0_63	n_t:0_50	n_t:0_55	n_t:0_59	n_t:0_60	n_t:0_46
87_1	n_t:0_5	n_t:0_29	n_t:0_23	n_t:0_32	n_t:0_1	n_t:0_17	n_t:0_11	n_t:0_20	n_t:0_14	n_t:0_8	n_t:0_3	n_t:0_26	n_t:0_2
87_2	n_t:0_36	n_t:0_11	n_t:0_39	n_t:0_42	n_t:0_37	n_t:0_35
87_8	n_t:0_67	n_t:0_66	n_t:0_74	n_t:0_73	n_t:0_72	n_t:0_71
87_5	n_t:0_98	n_t:0_88	n_t:0_83	n_t:0_69	n_t:0_74	n_t:0_93
88_3	n_t:0_56	n_t:0_53	n_t:0_61	n_t:0_47	n_t:0_62	n_t:0_51	n_t:0_48	n_t:0_52	n_t:0_63	n_t:0_50	n_t:0_55	n_t:0_59	n_t:0_60	n_t:0_46
88_1	n_t:0_5	n_t:0_29	n_t:0_23	n_t:0_32	n_t:0_1	n_t:0_17	n_t:0_11	n_t:0_20	n_t:0_14	n_t:0_8	n_t:0_3	n_t:0_26	n_t:0_2
88_2	n_t:0_36	n_t:0_11	n_t:0_39	n_t:0_42	n_t:0_37	n_t:0_35
88_8	n_t:0_67	n_t:0_66	n_t:0_74	n_t:0_73	n_t:0_72	n_t:0_71
88_5	n_t:0_98	n_t:0_88	n_t:0_83	n_t:0_69	n_t:0_74	n_t:0_93
89_3	n_t:0_56	n_t:0_53	n_t:0_61	n_t:0_47	n_t:0_62	n_t:0_51	n_t:0_48	n_t:0_52	n_t:0_63	n_t:0_50	n_t:0_55	n_t:0_59	n_t:0_60	n_t:0_46
89_1	n_t:0_5	n_t:0_29	n_t:0_23	n_t:0_32	n_t:0_1	n_t:0_17	n_t:0_11	n_t:0_20	n_t:0_14	n_t:0_8	n_t:0_3	n_t:0_26	n_t:0_2
89_2	n_t:0_23	n_t:0_36	n_t:0_11	n_t:0_39	n_t:0_42	n_t:0_37	n_t:0_35
89_8	n_t:0_67	n_t:0_66	n_t:0_74	n_t:0_73	n_t:0_72	n_t:0_71
89_5	n_t:0_98	n_t:0_88	n_t:0_83	n_t:0_69	n_t:0_74	n_t:0_93
90_3	n_t:0_56	n_t:0_53	n_t:0_61	n_t:0_47	n_t:0_62	n_t:0_51	n_t:0_48	n_t:0_52	n_t:0_63	n_t:0_50	n_t:0_55	n_t:0_59	n_t:0_60	n_t:0_46
90_1	n_t:0_5	n_t:0_29	n_t:0_23	n_t:0_32	n_t:0_1	n_t:0_17	n_t:0_11	n_t:0_20	n_t:0_14	n_t:0_8	n_t:0_3	n_t:0_26	n_t:0_2
90_2	n_t:0_20	n_t:0_23	n_t:0_36	n_t:0_11	n_t:0_39	n_t:0_42	n_t:0_37	n_t:0_35
90_8	n_t:0_67	n_t:0_66	n_t:0_74	n_t:0_73	n_t:0_72	n_t:0_71
90_5	n_t:0_98	n_t:0_88	n_t:0_83	n_t:0_69	n_t:0_74	n_t:0_93
91_3	n_t:0_56	n_t:0_53	n_t:0_61	n_t:0_47	n_t:0_62	n_t:0_51	n_t:0_48	n_t:0_52	n_t:0_63	n_t:0_50	n_t:0_55	n_t:0_59	n_t:0_60	n_t:0_46
91_1	n_t:0_5	n_t:0_29	n_t:0_23	n_t:0_32	n_t:0_1	n_t:0_17	n_t:0_11	n_t:0_20	n_t:0_14	n_t:0_8	n_t:0_3	n_t:0_26	n_t:0_2
91_2	n_t:0_20	n_t:0_23	n_t:0_36	n_t:0_11	n_t:0_39	n_t:0_42	n_t:0_37	n_t:0_35
91_8	n_t:0_67	n_t:0_66	n_t:0_74	n_t:0_73	n_t:0_72	n_t:0_71
91_5	n_t:0_98	n_t:0_88	n_t:0_83	n_t:0_69	n_t:0_74	n_t:0_93
92_3	n_t:0_56	n_t:0_53	n_t:0_61	n_t:0_47	n_t:0_62	n_t:0_51	n_t:0_48	n_t:0_52	n_t:0_63	n_t:0_50	n_t:0_55	n_t:0_59	n_t:0_60	n_t:0_46
92_1	n_t:0_5	n_t:0_29	n_t:0_23	n_t:0_32	n_t:0_1	n_t:0_17	n_t:0_11	n_t:0_20	n_t:0_14	n_t:0_8	n_t:0_3	n_t:0_26	n_t:0_2
92_2	n_t:0_20	n_t:0_23	n_t:0_36	n_t:0_11	n_t:0_39	n_t:0_42	n_t:0_37	n_t:0_35	n_t:0_26
92_8	n_t:0_67	n_t:0_66	n_t:0_74	n_t:0_73	n_t:0_72	n_t:0_71
92_5	n_t:0_98	n_t:0_88	n_t:0_83	n_t:0_69	n_t:0_74	n_t:0_93
94_3	n_t:0_56	n_t:0_53	n_t:0_61	n_t:0_47	n_t:0_62	n_t:0_51	n_t:0_48	n_t:0_52	n_t:0_63	n_t:0_50	n_t:0_55	n_t:0_59	n_t:0_60	n_t:0_46
94_1	n_t:0_5	n_t:0_29	n_t:0_23	n_t:0_32	n_t:0_1	n_t:0_17	n_t:0_11	n_t:0_20	n_t:0_14	n_t:0_8	n_t:0_3	n_t:0_26	n_t:0_2
94_2	n_t:0_20	n_t:0_23	n_t:0_36	n_t:0_11	n_t:0_39	n_t:0_1	n_t:0_42	n_t:0_37	n_t:0_35	n_t:0_26
94_8	n_t:0_67	n_t:0_66	n_t:0_74	n_t:0_73	n_t:0_72	n_t:0_71
94_5	n_t:0_98	n_t:0_88	n_t:0_83	n_t:0_69	n_t:0_74	n_t:0_93
95_3	n_t:0_56	n_t:0_53	n_t:0_61	n_t:0_47	n_t:0_62	n_t:0_51	n_t:0_48	n_t:0_52	n_t:0_63	n_t:0_50	n_t:0_55	n_t:0_59	n_t:0_60	n_t:0_46
95_1	n_t:0_5	n_t:0_29	n_t:0_23	n_t:0_32	n_t:0_1	n_t:0_17	n_t:0_11	n_t:0_20	n_t:0_14	n_t:0_8	n_t:0_3	n_t:0_26	n_t:0_2
95_2	n_t:0_20	n_t:0_23	n_t:0_36	n_t:0_11	n_t:0_39	n_t:0_1	n_t:0_42	n_t:0_37	n_t:0_35	n_t:0_26
95_8	n_t:0_67	n_t:0_66	n_t:0_74	n_t:0_73	n_t:0_72	n_t:0_71
95_5	n_t:0_98	n_t:0_88	n_t:0_83	n_t:0_69	n_t:0_74	n_t:0_93
96_3	n_t:0_56	n_t:0_53	n_t:0_61	n_t:0_47	n_t:0_62	n_t:0_51	n_t:0_48	n_t:0_52	n_t:0_63	n_t:0_50	n_t:0_55	n_t:0_59	n_t:0_60	n_t:0_46
96_1	n_t:0_5	n_t:0_29	n_t:0_23	n_t:0_32	n_t:0_1	n_t:0_17	n_t:0_11	n_t:0_20	n_t:0_14	n_t:0_8	n_t:0_3	n_t:0_26	n_t:0_2
96_2	n_t:0_20	n_t:0_23	n_t:0_36	n_t:0_11	n_t:0_39	n_t:0_1	n_t:0_42	n_t:0_35	n_t:0_26
96_8	n_t:0_67	n_t:0_66	n_t:0_74	n_t:0_73	n_t:0_72	n_t:0_71
96_5	n_t:0_98	n_t:0_88	n_t:0_83	n_t:0_69	n_t:0_74	n_t:0_93
97_3	n_t:0_56	n_t:0_53	n_t:0_61	n_t:0_47	n_t:0_62	n_t:0_51	n_t:0_48	n_t:0_52	n_t:0_63	n_t:0_50	n_t:0_55	n_t:0_59	n_t:0_60	n_t:0_46
97_1	n_t:0_5	n_t:0_29	n_t:0_23	n_t:0_32	n_t:0_1	n_t:0_17	n_t:0_11	n_t:0_20	n_t:0_14	n_t:0_8	n_t:0_3	n_t:0_26	n_t:0_2
97_2	n_t:0_20	n_t:0_23	n_t:0_36	n_t:0_11	n_t:0_39	n_t:0_1	n_t:0_42	n_t:0_35	n_t:0_26
97_8	n_t:0_67	n_t:0_66	n_t:0_74	n_t:0_73	n_t:0_72	n_t:0_71
97_5	n_t:0_98	n_t:0_88	n_t:0_83	n_t:0_69	n_t:0_74	n_t:0_93
98_3	n_t:0_56	n_t:0_53	n_t:0_61	n_t:0_47	n_t:0_62	n_t:0_51	n_t:0_48	n_t:0_52	n_t:0_63	n_t:0_50	n_t:0_55	n_t:0_59	n_t:0_60	n_t:0_46
98_1	n_t:0_5	n_t:0_29	n_t:0_23	n_t:0_32	n_t:0_1	n_t:0_17	n_t:0_11	n_t:0_20	n_t:0_14	n_t:0_8	n_t:0_3	n_t:0_26	n_t:0_2
98_2	n_t:0_20	n_t:0_23	n_t:0_36	n_t:0_11	n_t:0_39	n_t:0_1	n_t:0_42	n_t:0_35	n_t:0_26
98_8	n_t:0_67	n_t:0_66	n_t:0_74	n_t:0_73	n_t:0_72	n_t:0_71
98_5	n_t:0_98	n_t:0_88	n_t:0_83	n_t:0_69	n_t:0_74	n_t:0_93
99_3	n_t:0_56	n_t:0_53	n_t:0_61	n_t:0_47	n_t:0_62	n_t:0_51	n_t:0_48	n_t:0_52	n_t:0_63	n_t:0_50	n_t:0_55	n_t:0_59	n_t:0_60	n_t:0_46
99_2	n_t:0_5	n_t:0_29	n_t:0_36	n_t:0_23	n_t:0_32	n_t:0_1	n_t:0_17	n_t:0_11	n_t:0_20	n_t:0_39	n_t:0_14	n_t:0_26	n_t:0_8	n_t:0_3	n_t:0_2
99_8	n_t:0_67	n_t:0_66	n_t:0_74	n_t:0_73	n_t:0_72	n_t:0_71
99_5	n_t:0_98	n_t:0_88	n_t:0_83	n_t:0_69	n_t:0_74	n_t:0_93
100_3	n_t:0_56	n_t:0_53	n_t:0_61	n_t:0_47	n_t:0_62	n_t:0_51	n_t:0_48	n_t:0_52	n_t:0_63	n_t:0_50	n_t:0_55	n_t:0_59	n_t:0_60	n_t:0_46
100_2	n_t:0_5	n_t:0_29	n_t:0_36	n_t:0_23	n_t:0_32	n_t:0_1	n_t:0_17	n_t:0_11	n_t:0_20	n_t:0_39	n_t:0_14	n_t:0_26	n_t:0_8	n_t:0_3	n_t:0_2
100_8	n_t:0_67	n_t:0_66	n_t:0_74	n_t:0_73	n_t:0_72	n_t:0_71
100_5	n_t:0_98	n_t:0_88	n_t:0_83	n_t:0_69	n_t:0_74	n_t:0_93
101_3	n_t:0_56	n_t:0_53	n_t:0_61	n_t:0_47	n_t:0_62	n_t:0_51	n_t:0_48	n_t:0_52	n_t:0_63	n_t:0_50	n_t:0_55	n_t:0_59	n_t:0_60	n_t:0_46
101_2	n_t:0_5	n_t:0_29	n_t:0_36	n_t:0_23	n_t:0_32	n_t:0_1	n_t:0_17	n_t:0_11	n_t:0_20	n_t:0_39	n_t:0_14	n_t:0_26	n_t:0_8	n_t:0_3	n_t:0_2
101_8	n_t:0_67	n_t:0_66	n_t:0_74	n_t:0_73	n_t:0_72	n_t:0_71
101_5	n_t:0_98	n_t:0_88	n_t:0_83	n_t:0_69	n_t:0_74	n_t:0_93
102_3	n_t:0_56	n_t:0_53	n_t:0_61	n_t:0_47	n_t:0_62	n_t:0_51	n_t:0_48	n_t:0_52	n_t:0_63	n_t:0_50	n_t:0_55	n_t:0_59	n_t:0_60	n_t:0_46
102_2	n_t:0_5	n_t:0_29	n_t:0_36	n_t:0_23	n_t:0_32	n_t:0_1	n_t:0_17	n_t:0_11	n_t:0_20	n_t:0_39	n_t:0_14	n_t:0_26	n_t:0_8	n_t:0_3	n_t:0_2
102_8	n_t:0_67	n_t:0_66	n_t:0_74	n_t:0_73	n_t:0_72	n_t:0_71
102_5	n_t:0_98	n_t:0_88	n_t:0_83	n_t:0_69	n_t:0_74	n_t:0_93
103_3	n_t:0_56	n_t:0_53	n_t:0_61	n_t:0_47	n_t:0_62	n_t:0_51	n_t:0_48	n_t:0_52	n_t:0_63	n_t:0_50	n_t:0_55	n_t:0_59	n_t:0_60	n_t:0_46
103_2	n_t:0_5	n_t:0_29	n_t:0_36	n_t:0_23	n_t:0_32	n_t:0_1	n_t:0_17	n_t:0_11	n_t:0_20	n_t:0_39	n_t:0_14	n_t:0_26	n_t:0_8	n_t:0_3	n_t:0_2
103_8	n_t:0_67	n_t:0_66	n_t:0_74	n_t:0_73	n_t:0_72	n_t:0_71
103_5	n_t:0_98	n_t:0_88	n_t:0_83	n_t:0_69	n_t:0_74	n_t:0_93
104_3	n_t:0_56	n_t:0_53	n_t:0_61	n_t:0_47	n_t:0_62	n_t:0_51	n_t:0_48	n_t:0_52	n_t:0_63	n_t:0_50	n_t:0_55	n_t:0_59	n_t:0_60	n_t:0_46
104_2	n_t:0_5	n_t:0_29	n_t:0_36	n_t:0_23	n_t:0_32	n_t:0_1	n_t:0_17	n_t:0_11	n_t:0_20	n_t:0_39	n_t:0_14	n_t:0_26	n_t:0_8	n_t:0_3	n_t:0_2
104_8	n_t:0_67	n_t:0_66	n_t:0_74	n_t:0_73	n_t:0_72	n_t:0_71
104_5	n_t:0_98	n_t:0_88	n_t:0_83	n_t:0_69	n_t:0_74	n_t:0_93
105_3	n_t:0_56	n_t:0_53	n_t:0_61	n_t:0_47	n_t:0_62	n_t:0_51	n_t:0_48	n_t:0_52	n_t:0_63	n_t:0_50	n_t:0_55	n_t:0_59	n_t:0_60	n_t:0_46
105_2	n_t:0_5	n_t:0_42	n_t:0_29	n_t:0_36	n_t:0_23	n_t:0_32	n_t:0_1	n_t:0_17	n_t:0_11	n_t:0_20	n_t:0_39	n_t:0_14	n_t:0_26	n_t:0_8	n_t:0_3	n_t:0_2
105_8	n_t:0_67	n_t:0_66	n_t:0_74	n_t:0_73	n_t:0_72	n_t:0_71
105_5	n_t:0_98	n_t:0_88	n_t:0_83	n_t:0_69	n_t:0_74	n_t:0_93
106_3	n_t:0_56	n_t:0_53	n_t:0_61	n_t:0_47	n_t:0_62	n_t:0_51	n_t:0_48	n_t:0_52	n_t:0_63	n_t:0_50	n_t:0_55	n_t:0_59	n_t:0_60	n_t:0_46
106_2	n_t:0_5	n_t:0_42	n_t:0_29	n_t:0_36	n_t:0_23	n_t:0_32	n_t:0_1	n_t:0_17	n_t:0_11	n_t:0_20	n_t:0_39	n_t:0_14	n_t:0_26	n_t:0_8	n_t:0_3	n_t:0_2
106_8	n_t:0_67	n_t:0_66	n_t:0_74	n_t:0_73	n_t:0_72	n_t:0_71
106_5	n_t:0_98	n_t:0_88	n_t:0_83	n_t:0_69	n_t:0_74	n_t:0_93
107_3	n_t:0_56	n_t:0_53	n_t:0_61	n_t:0_47	n_t:0_62	n_t:0_51	n_t:0_48	n_t:0_52	n_t:0_63	n_t:0_50	n_t:0_55	n_t:0_59	n_t:0_60	n_t:0_46
107_2	n_t:0_5	n_t:0_42	n_t:0_29	n_t:0_36	n_t:0_23	n_t:0_32	n_t:0_1	n_t:0_17	n_t:0_11	n_t:0_20	n_t:0_39	n_t:0_14	n_t:0_26	n_t:0_8	n_t:0_3	n_t:0_2
107_8	n_t:0_67	n_t:0_66	n_t:0_74	n_t:0_73	n_t:0_72	n_t:0_71
107_5	n_t:0_98	n_t:0_88	n_t:0_83	n_t:0_69	n_t:0_74	n_t:0_93
108_3	n_t:0_56	n_t:0_53	n_t:0_61	n_t:0_47	n_t:0_62	n_t:0_51	n_t:0_48	n_t:0_52	n_t:0_63	n_t:0_50	n_t:0_55	n_t:0_59	n_t:0_60	n_t:0_46
108_2	n_t:0_5	n_t:0_42	n_t:0_29	n_t:0_36	n_t:0_23	n_t:0_32	n_t:0_1	n_t:0_17	n_t:0_11	n_t:0_20	n_t:0_39	n_t:0_14	n_t:0_26	n_t:0_8	n_t:0_3	n_t:0_2
108_8	n_t:0_67	n_t:0_66	n_t:0_74	n_t:0_73	n_t:0_72	n_t:0_71
108_5	n_t:0_98	n_t:0_88	n_t:0_83	n_t:0_69	n_t:0_74	n_t:0_93
109_3	n_t:0_56	n_t:0_53	n_t:0_61	n_t:0_47	n_t:0_62	n_t:0_51	n_t:0_48	n_t:0_52	n_t:0_63	n_t:0_50	n_t:0_55	n_t:0_59	n_t:0_60	n_t:0_46
109_2	n_t:0_5	n_t:0_42	n_t:0_29	n_t:0_36	n_t:0_23	n_t:0_32	n_t:0_1	n_t:0_17	n_t:0_11	n_t:0_20	n_t:0_35	n_t:0_39	n_t:0_14	n_t:0_26	n_t:0_8	n_t:0_3	n_t:0_2
109_8	n_t:0_67	n_t:0_66	n_t:0_74	n_t:0_73	n_t:0_72	n_t:0_71
109_5	n_t:0_98	n_t:0_88	n_t:0_83	n_t:0_69	n_t:0_74	n_t:0_93
110_3	n_t:0_56	n_t:0_53	n_t:0_61	n_t:0_47	n_t:0_62	n_t:0_51	n_t:0_48	n_t:0_52	n_t:0_63	n_t:0_50	n_t:0_55	n_t:0_59	n_t:0_60	n_t:0_46
110_2	n_t:0_5	n_t:0_42	n_t:0_29	n_t:0_36	n_t:0_23	n_t:0_32	n_t:0_1	n_t:0_17	n_t:0_11	n_t:0_20	n_t:0_35	n_t:0_39	n_t:0_14	n_t:0_26	n_t:0_8	n_t:0_3	n_t:0_2
110_8	n_t:0_67	n_t:0_66	n_t:0_74	n_t:0_73	n_t:0_72	n_t:0_71
110_5	n_t:0_98	n_t:0_88	n_t:0_83	n_t:0_69	n_t:0_74	n_t:0_93
112_3	n_t:0_56	n_t:0_53	n_t:0_61	n_t:0_47	n_t:0_62	n_t:0_51	n_t:0_48	n_t:0_52	n_t:0_63	n_t:0_50	n_t:0_55	n_t:0_59	n_t:0_60	n_t:0_46
112_2	n_t:0_5	n_t:0_42	n_t:0_29	n_t:0_36	n_t:0_23	n_t:0_32	n_t:0_1	n_t:0_17	n_t:0_11	n_t:0_20	n_t:0_35	n_t:0_39	n_t:0_14	n_t:0_26	n_t:0_8	n_t:0_3	n_t:0_2
112_8	n_t:0_67	n_t:0_66	n_t:0_74	n_t:0_73	n_t:0_72	n_t:0_71
112_5	n_t:0_98	n_t:0_88	n_t:0_83	n_t:0_69	n_t:0_74	n_t:0_93
113_3	n_t:0_56	n_t:0_53	n_t:0_61	n_t:0_47	n_t:0_62	n_t:0_51	n_t:0_48	n_t:0_52	n_t:0_63	n_t:0_50	n_t:0_55	n_t:0_59	n_t:0_60	n_t:0_46
113_2	n_t:0_5	n_t:0_42	n_t:0_29	n_t:0_36	n_t:0_23	n_t:0_32	n_t:0_1	n_t:0_17	n_t:0_11	n_t:0_20	n_t:0_35	n_t:0_39	n_t:0_14	n_t:0_26	n_t:0_8	n_t:0_3	n_t:0_2
113_8	n_t:0_67	n_t:0_66	n_t:0_74	n_t:0_73	n_t:0_72	n_t:0_71
113_5	n_t:0_98	n_t:0_88	n_t:0_83	n_t:0_69	n_t:0_74	n_t:0_93
114_3	n_t:0_56	n_t:0_53	n_t:0_61	n_t:0_47	n_t:0_62	n_t:0_51	n_t:0_48	n_t:0_52	n_t:0_63	n_t:0_50	n_t:0_55	n_t:0_59	n_t:0_60	n_t:0_46
114_2	n_t:0_5	n_t:0_42	n_t:0_29	n_t:0_36	n_t:0_23	n_t:0_32	n_t:0_1	n_t:0_17	n_t:0_11	n_t:0_20	n_t:0_35	n_t:0_39	n_t:0_14	n_t:0_26	n_t:0_8	n_t:0_3	n_t:0_2
114_8	n_t:0_67	n_t:0_66	n_t:0_74	n_t:0_73	n_t:0_72	n_t:0_71
114_5	n_t:0_98	n_t:0_88	n_t:0_83	n_t:0_69	n_t:0_74	n_t:0_93
115_3	n_t:0_56	n_t:0_53	n_t:0_61	n_t:0_47	n_t:0_62	n_t:0_51	n_t:0_48	n_t:0_52	n_t:0_63	n_t:0_50	n_t:0_55	n_t:0_59	n_t:0_60	n_t:0_46
115_2	n_t:0_5	n_t:0_42	n_t:0_29	n_t:0_36	n_t:0_23	n_t:0_32	n_t:0_1	n_t:0_17	n_t:0_11	n_t:0_20	n_t:0_35	n_t:0_39	n_t:0_14	n_t:0_26	n_t:0_8	n_t:0_3	n_t:0_2
115_8	n_t:0_67	n_t:0_66	n_t:0_74	n_t:0_73	n_t:0_72	n_t:0_71
115_5	n_t:0_98	n_t:0_88	n_t:0_83	n_t:0_69	n_t:0_74	n_t:0_93
116_3	n_t:0_56	n_t:0_53	n_t:0_61	n_t:0_47	n_t:0_62	n_t:0_51	n_t:0_48	n_t:0_52	n_t:0_63	n_t:0_50	n_t:0_55	n_t:0_59	n_t:0_60	n_t:0_46
116_2	n_t:0_5	n_t:0_42	n_t:0_29	n_t:0_36	n_t:0_23	n_t:0_32	n_t:0_1	n_t:0_17	n_t:0_11	n_t:0_20	n_t:0_35	n_t:0_39	n_t:0_14	n_t:0_26	n_t:0_8	n_t:0_3	n_t:0_2
116_8	n_t:0_67	n_t:0_66	n_t:0_74	n_t:0_73	n_t:0_72	n_t:0_71
116_5	n_t:0_98	n_t:0_88	n_t:0_83	n_t:0_69	n_t:0_74	n_t:0_93
